// Jest Snapshot v1, https://goo.gl/fbAQLP

exports[`Lista de usuarios should container 1`] = `
<section
  class="container"
  data-testid="container"
>
  <label
    for="search"
  >
    Buscar usuário
  </label>
  <input
    class="field"
    data-testid="filter"
    id="search"
    name=""
    placeholder="Pesquise por: Nome, ID e Username."
    type="search"
  />
  <div
    class="row"
  >
    <div
      class="card"
      data-testid="card-0"
    >
      <div
        class="card-body"
      >
        <img
          alt="Foto do usuário"
          class="thumbnail"
          src="https://randomuser.me/api/portraits/men/9.jpg"
        />
        <div
          class="infos"
        >
          <p
            class="title"
            data-testid="title-0"
          >
            Eduardo Santos
          </p>
          <ul
            class="description"
          >
            <li>
              <b>
                ID:
              </b>
               
              1001
            </li>
            <li>
              <b>
                Username:
              </b>
               
              @eduardo.santos
            </li>
          </ul>
        </div>
        <button
          class="modal-pay"
          data-testid="modal-pay-0"
        >
          Pagar
        </button>
      </div>
    </div>
    <div
      class="card"
      data-testid="card-1"
    >
      <div
        class="card-body"
      >
        <img
          alt="Foto do usuário"
          class="thumbnail"
          src="https://randomuser.me/api/portraits/women/37.jpg"
        />
        <div
          class="infos"
        >
          <p
            class="title"
            data-testid="title-1"
          >
            Marina Coelho
          </p>
          <ul
            class="description"
          >
            <li>
              <b>
                ID:
              </b>
               
              1002
            </li>
            <li>
              <b>
                Username:
              </b>
               
              @marina.coelho
            </li>
          </ul>
        </div>
        <button
          class="modal-pay"
          data-testid="modal-pay-1"
        >
          Pagar
        </button>
      </div>
    </div>
    <div
      class="modal"
      style="display: none;"
    >
      <div
        class="modal-content"
      >
        <form>
          <p
            class="modal-header"
          >
            Pagamento para 
            <span />
            <button
              class="close"
              data-testid="modal-pay-close"
            >
              <i
                class="close-icon"
              />
              <i
                class="close-icon"
              />
            </button>
          </p>
          <div
            class="modal-body"
          >
            <input
              class="field"
              placeholder="R$ 0,00"
              value=""
            />
            <small
              class="field-error"
              style="display: none;"
            >
              Campo obrigatório
            </small>
            <select
              class="field"
            >
              <option
                value="1"
              >
                Cartão com final 1111
              </option>
              <option
                value="2"
              >
                Cartão com final 1234
              </option>
            </select>
          </div>
          <div
            class="modal-footer"
          >
            <button
              type="submit"
            >
              Pagar
            </button>
          </div>
        </form>
      </div>
    </div>
    <div
      class="modal"
      style="display: none;"
    >
      <div
        class="modal-content"
      >
        <div
          class="modal-header "
        >
          <p>
            Recibo de pagamento
          </p>
        </div>
        <div
          class="modal-body"
        >
          <p>
            O Pagamento 
            <b />
             foi concluído com sucesso
          </p>
        </div>
        <div
          class="modal-footer"
        >
          <button>
            Fechar
          </button>
        </div>
      </div>
    </div>
  </div>
</section>
`;

exports[`Lista de usuarios should loading 1`] = `
<div
  class="loading"
  data-testid="loading"
/>
`;
